3470: video bug? webm
3158: says video/ogg is audio 
3155: says video/ogg is audio
2136: corrupt
2770: says JPG is PSD


No converter for 4235 - MIME: video/avi
No converter for 4310 - MIME: Unknown MimeType
4528 - TimeoutError: waiting for selector `#done` failed: timeout 30000ms exceeded
4594 - Error: heif: Unsupported feature: Unsupported codec (4.3000)

5870 - Error: Input file contains unsupported image format
5891 - Error: Input file contains unsupported image format
6031 - Error: Input file contains unsupported image format
6173 - Error: Input file contains unsupported image format
6174 - Error: Input file contains unsupported image format
6176 - Error: Input file contains unsupported image format
7919 - Error: Input file has corrupt header: glib: XML does not have <svg> root


7971 - Error: Input file has corrupt header: glib: XML parse error: Error domain 1 code 68 on line 74 column 11 of data: StartTag: invalid element name



7978 - Error: Input file has corrupt header: glib: XML parse error: Error domain 1 code 68 on line 210 column 21 of data: StartTag: invalid element name



7991 - Error: Input file has corrupt header: glib: XML parse error: Error domain 1 code 68 on line 34 column 1680 of data: StartTag: invalid element name



7999 - Error: Input file has corrupt header: glib: XML parse error: Error domain 1 code 68 on line 19 column 546 of data: StartTag: invalid element name



8245 - Error: Command failed: ffmpeg -y -i ./tmp/downloads/8245.bmp ./tmp/large-images/8245.png
ffmpeg version 4.4 Copyright (c) 2000-2021 the FFmpeg developers
  built with Apple clang version 12.0.0 (clang-1200.0.32.29)
  configuration: --prefix=/usr/local/Cellar/ffmpeg/4.4_1 --enable-shared --enable-pthreads --enable-version3 --enable-avresample --cc=clang --host-cflags= --host-ldflags= --enable-ffplay --enable-gnutls --enable-gpl --enable-libaom --enable-libbluray --enable-libdav1d --enable-libmp3lame --enable-libopus --enable-librav1e --enable-librubberband --enable-libsnappy --enable-libsrt --enable-libtesseract --enable-libtheora --enable-libvidstab --enable-libvorbis --enable-libvpx --enable-libwebp --enable-libx264 --enable-libx265 --enable-libxml2 --enable-libxvid --enable-lzma --enable-libfontconfig --enable-libfreetype --enable-frei0r --enable-libass --enable-libopencore-amrnb --enable-libopencore-amrwb --enable-libopenjpeg --enable-libspeex --enable-libsoxr --enable-libzmq --enable-libzimg --disable-libjack --disable-indev=jack --enable-videotoolbox
  libavutil      56. 70.100 / 56. 70.100
  libavcodec     58.134.100 / 58.134.100
  libavformat    58. 76.100 / 58. 76.100
  libavdevice    58. 13.100 / 58. 13.100
  libavfilter     7.110.100 /  7.110.100
  libavresample   4.  0.  0 /  4.  0.  0
  libswscale      5.  9.100 /  5.  9.100
  libswresample   3.  9.100 /  3.  9.100
  libpostproc    55.  9.100 / 55.  9.100
./tmp/downloads/8245.bmp: Invalid data found when processing input

8337 - Error: Input file has corrupt header: glib: XML parse error: Error domain 1 code 68 on line 760 column 28 of data: StartTag: invalid element name



8397 - Error: VipsJpeg: Invalid SOS parameters for sequential JPEG
VipsJpeg: out of order read at line 0

8688 - Error: Input file has corrupt header: glib: XML parse error: Error domain 1 code 68 on line 134 column 17 of data: StartTag: invalid element name



8995 - Error: Input image exceeds pixel limit
9152 - Error: Input image exceeds pixel limit
No converter for 9263 - MIME: text/javascript
10427 - Error: Input file has corrupt header: glib: XML parse error: error code=201 (3) in (null):4:36: Namespace prefix xlink for href on script is not defined


